// Jest Snapshot v1, https://goo.gl/fbAQLP

exports[`test header 1`] = `
<div>
  <h2>
    Expense App
  </h2>
  <NavLink
    activeClassName="is-active"
    exact={true}
    to="/"
  >
    Home
  </NavLink>
  <NavLink
    activeClassName="is-active"
    to="/create"
  >
    Create
  </NavLink>
  <NavLink
    activeClassName="is-active"
    to="/edit"
  >
    Edit
  </NavLink>
</div>
`;
